name: Bob

age: 80

things:
  - fork
  - knife
  - spoon
